// Jest Snapshot v1, https://goo.gl/fbAQLP

exports[`Search Rendering should render the component with initial state 1`] = `
<DocumentFragment>
  <ul
    class="item-list"
  />
</DocumentFragment>
`;
