// Jest Snapshot v1, https://goo.gl/fbAQLP

exports[`Home Rendering should render the component with initial state 1`] = `null`;
