// Jest Snapshot v1, https://goo.gl/fbAQLP

exports[`NotFound Rendering should render the component with initial state 1`] = `
<div>
  <main
    class="not-found vh-100 d-flex justify-content-center align-items-center"
  >
    <h1>
      Not Found!
    </h1>
  </main>
</div>
`;
