// Jest Snapshot v1, https://goo.gl/fbAQLP

exports[`Item should render the component 1`] = `
<div>
  <li
    class="item app-bg-white overflow-hidden"
  >
    <a
      class="app-text-secondary"
      href="/item/undefined"
    >
      <div
        class="container d-flex position-relative justify-content-center"
      >
        <img
          alt="search_screen.item.img.alt"
          class="img img-fluid position-absolute p-5"
        />
      </div>
      <div
        class="py-3 px-4 h-100 app-bg-gray"
      >
        <p
          class="mb-4"
        />
        <p
          class="mb-3"
        >
          <i
            class="fas fa-map-marker-alt mr-2"
          />
        </p>
        <p
          class="mb-4"
        >
          <i
            class="fas fa-clock mr-2"
          />
        </p>
        <p>
           
          general.currency
        </p>
      </div>
    </a>
  </li>
</div>
`;
