// Jest Snapshot v1, https://goo.gl/fbAQLP

exports[`Menu should render the component 1`] = `
<div>
  <div
    links=""
  >
    <div
      class="menu app-bg-black-transparent"
    >
      <ul />
    </div>
  </div>
</div>
`;
