// Jest Snapshot v1, https://goo.gl/fbAQLP

exports[`CategoryCard Rendering should render the component with initial state 1`] = `
<a
  className="card py-2 py-md-4 box-shadow d-block text-center"
  href="/"
  onClick={[Function]}
>
  <img
    alt="home_screen.private.categories.img_alt"
    className="mt-2"
  />
  <p
    className="mt-3 mb-0 app-text-secondary"
  >
    
  </p>
</a>
`;
