// Jest Snapshot v1, https://goo.gl/fbAQLP

exports[`Button should render the component 1`] = `
<div>
  <button
    class="button app-bg-primary border-0 app-text-white w-100 p-2"
  />
</div>
`;
